 
****************************************
Report : area
Design : DES_core
Version: W-2024.09-SP3
Date   : Tue Jul 29 17:07:24 2025
****************************************

Information: Updating design information... (UID-85)
Library(s) Used:

    saed14rvt_ff0p88v125c (File: /home/Khach103/Documents/me_labs/liberty/saed14rvt_ff0p88v125c.db)

Number of ports:                          926
Number of nets:                          2387
Number of cells:                         1520
Number of combinational cells:           1381
Number of sequential cells:               129
Number of macros/black boxes:               0
Number of buf/inv:                        362
Number of references:                      26

Combinational area:                417.004801
Buf/Inv area:                       73.437600
Noncombinational area:             121.478399
Macro/Black Box area:                0.000000
Net Interconnect area:             811.603941

Total cell area:                   538.483200
Total area:                       1350.087141
1
