 
****************************************
Report : qor
Design : DES_core
Version: W-2024.09-SP3
Date   : Tue Jul 29 17:07:29 2025
****************************************


  Timing Path Group 'clk'
  -----------------------------------
  Levels of Logic:              14.00
  Critical Path Length:          0.27
  Critical Path Slack:           0.25
  Critical Path Clk Period:      1.00
  Total Negative Slack:          0.00
  No. of Violating Paths:        0.00
  Worst Hold Violation:         -0.12
  Total Hold Violation:        -14.18
  No. of Hold Violations:      120.00
  -----------------------------------


  Cell Count
  -----------------------------------
  Hierarchical Cell Count:         10
  Hierarchical Port Count:        729
  Leaf Cell Count:               1510
  Buf/Inv Cell Count:             362
  Buf Cell Count:                 103
  Inv Cell Count:                 259
  CT Buf/Inv Cell Count:            0
  Combinational Cell Count:      1381
  Sequential Cell Count:          129
  Macro Count:                      0
  -----------------------------------


  Area
  -----------------------------------
  Combinational Area:      417.004801
  Noncombinational Area:   121.478399
  Buf/Inv Area:             73.437600
  Total Buffer Area:            27.44
  Total Inverter Area:          46.00
  Macro/Black Box Area:      0.000000
  Net Area:                811.603941
  -----------------------------------
  Cell Area:               538.483200
  Design Area:            1350.087141


  Design Rules
  -----------------------------------
  Total Number of Nets:          1674
  Nets With Violations:             0
  Max Trans Violations:             0
  Max Cap Violations:               0
  -----------------------------------


  Hostname: dsac103

  Compile CPU Statistics
  -----------------------------------------
  Resource Sharing:                    0.17
  Logic Optimization:                  4.55
  Mapping Optimization:                0.58
  -----------------------------------------
  Overall Compile Time:                6.56
  Overall Compile Wall Clock Time:     7.10

  --------------------------------------------------------------------

  Design  WNS: 0.00  TNS: 0.00  Number of Violating Paths: 0


  Design (Hold)  WNS: 0.12  TNS: 14.18  Number of Violating Paths: 120

  --------------------------------------------------------------------


1
