 
****************************************
Report : timing
        -path full
        -delay max
        -max_paths 1
Design : DES_core
Version: W-2024.09-SP3
Date   : Tue Jul 29 17:07:25 2025
****************************************

Operating Conditions: ff0p88v125c   Library: saed14rvt_ff0p88v125c
Wire Load Model Mode: top

  Startpoint: des_data[21]
              (input port clocked by clk)
  Endpoint: rn_reg[26] (rising edge-triggered flip-flop clocked by clk)
  Path Group: clk
  Path Type: max

  Des/Clust/Port     Wire Load Model       Library
  ------------------------------------------------
  DES_core           8000                  saed14rvt_ff0p88v125c

  Point                                                   Incr       Path
  --------------------------------------------------------------------------
  clock clk (rise edge)                                   0.00       0.00
  clock network delay (ideal)                             0.00       0.00
  input external delay                                    0.30       0.30 f
  des_data[21] (in)                                       0.00       0.30 f
  dut_ip/des_data[21] (IP)                                0.00       0.30 f
  dut_ip/r0[21] (IP)                                      0.00       0.30 f
  U846/X (SAEDRVT14_AO22_1)                               0.02       0.32 f
  dut_etable/r_input[21] (E_Permutation)                  0.00       0.32 f
  dut_etable/re[32] (E_Permutation)                       0.00       0.32 f
  U521/X (SAEDRVT14_EO2_V1_0P75)                          0.03       0.35 f
  dut_sbox/re_xor_key[32] (S_Box)                         0.00       0.35 f
  dut_sbox/U476/X (SAEDRVT14_INV_1P5)                     0.02       0.36 r
  dut_sbox/U221/X (SAEDRVT14_NR2_MM_0P5)                  0.02       0.38 f
  dut_sbox/U220/X (SAEDRVT14_ND2_CDC_0P5)                 0.02       0.40 r
  dut_sbox/U30/X (SAEDRVT14_INV_1P5)                      0.02       0.42 f
  dut_sbox/U29/X (SAEDRVT14_ND3B_0P75)                    0.02       0.44 f
  dut_sbox/U28/X (SAEDRVT14_ND3B_0P75)                    0.02       0.47 f
  dut_sbox/U27/X (SAEDRVT14_INV_1P5)                      0.01       0.48 r
  dut_sbox/U248/X (SAEDRVT14_AN4_1)                       0.02       0.49 r
  dut_sbox/U247/X (SAEDRVT14_OAI21_0P75)                  0.01       0.51 f
  dut_sbox/U243/X (SAEDRVT14_AO221_0P5)                   0.02       0.53 f
  dut_sbox/p_in[20] (S_Box)                               0.00       0.53 f
  dut_ptable/p_in[20] (P_Permutation)                     0.00       0.53 f
  dut_ptable/f_value[26] (P_Permutation)                  0.00       0.53 f
  U672/X (SAEDRVT14_INV_1P5)                              0.01       0.54 r
  U867/X (SAEDRVT14_AO221_0P5)                            0.02       0.57 r
  rn_reg[26]/D (SAEDRVT14_FDP_V2_1)                       0.01       0.57 r
  data arrival time                                                  0.57

  clock clk (rise edge)                                   1.00       1.00
  clock network delay (ideal)                             0.00       1.00
  clock uncertainty                                      -0.17       0.82
  rn_reg[26]/CK (SAEDRVT14_FDP_V2_1)                      0.00       0.82 r
  library setup time                                      0.00       0.83
  data required time                                                 0.83
  --------------------------------------------------------------------------
  data required time                                                 0.83
  data arrival time                                                 -0.57
  --------------------------------------------------------------------------
  slack (MET)                                                        0.25


1
